[2026-05-31T01:53:01.255Z] app ready
[2026-05-31T01:53:01.358Z] creating window
[2026-05-31T01:53:01.406Z] starting backend, development=true
[2026-05-31T01:53:01.461Z] startup error: Error: spawn EINVAL
    at ChildProcess.spawn (node:internal/child_process:420:11)
    at spawn (node:child_process:768:9)
    at startBackend (H:\ks\dist\electron\main.js:47:57)
    at createWindow (H:\ks\dist\electron\main.js:113:5)
    at H:\ks\dist\electron\main.js:186:5
[2026-05-31T01:54:06.018Z] app ready
[2026-05-31T01:54:06.019Z] creating window
[2026-05-31T01:54:06.062Z] starting backend, development=true
[2026-05-31T01:54:06.097Z] startup error: Error: spawn EINVAL
    at ChildProcess.spawn (node:internal/child_process:420:11)
    at spawn (node:child_process:768:9)
    at startBackend (H:\ks\dist\electron\main.js:65:57)
    at createWindow (H:\ks\dist\electron\main.js:131:5)
    at H:\ks\dist\electron\main.js:204:5
[2026-05-31T01:58:09.119Z] app ready
[2026-05-31T01:58:09.260Z] creating window
[2026-05-31T01:58:11.691Z] starting backend, development=true
[2026-05-31T01:58:11.981Z] backend child pid=13916
[2026-05-31T01:58:11.981Z] waiting for backend
[2026-05-31T01:58:30.075Z] backend stdout: [32m[Nest] 13916  - [39m2026/05/31 09:58:30 [32m    LOG[39m [38;5;3m[NestFactory] [39m[32mStarting Nest application...[39m
[2026-05-31T01:58:30.081Z] backend stdout: [32m[Nest] 13916  - [39m2026/05/31 09:58:30 [32m    LOG[39m [38;5;3m[InstanceLoader] [39m[32mAppModule dependencies initialized[39m[38;5;3m +7ms[39m
[2026-05-31T01:58:30.083Z] backend stdout: [32m[Nest] 13916  - [39m2026/05/31 09:58:30 [32m    LOG[39m [38;5;3m[RoutesResolver] [39m[32mConfigController {/api/config}:[39m[38;5;3m +2ms[39m
[2026-05-31T01:58:30.085Z] backend stdout: [32m[Nest] 13916  - [39m2026/05/31 09:58:30 [32m    LOG[39m [38;5;3m[RouterExplorer] [39m[32mMapped {/api/config, GET} route[39m[38;5;3m +2ms[39m
[2026-05-31T01:58:30.086Z] backend stdout: [32m[Nest] 13916  - [39m2026/05/31 09:58:30 [32m    LOG[39m [38;5;3m[RouterExplorer] [39m[32mMapped {/api/config, PUT} route[39m[38;5;3m +1ms[39m
[32m[Nest] 13916  - [39m2026/05/31 09:58:30 [32m    LOG[39m [38;5;3m[RouterExplorer] [39m[32mMapped {/api/config/validate, POST} route[39m[38;5;3m +0ms[39m
[32m[Nest] 13916  - [39m2026/05/31 09:58:30 [32m    LOG[39m [38;5;3m[RoutesResolver] [39m[32mAudioController {/api/audio}:[39m[38;5;3m +0ms[39m
[2026-05-31T01:58:30.086Z] backend stdout: [32m[Nest] 13916  - [39m2026/05/31 09:58:30 [32m    LOG[39m [38;5;3m[RouterExplorer] [39m[32mMapped {/api/audio/files, GET} route[39m[38;5;3m +0ms[39m
[32m[Nest] 13916  - [39m2026/05/31 09:58:30 [32m    LOG[39m [38;5;3m[RouterExplorer] [39m[32mMapped {/api/audio/file, GET} route[39m[38;5;3m +0ms[39m
[2026-05-31T01:58:30.087Z] backend stdout: [32m[Nest] 13916  - [39m2026/05/31 09:58:30 [32m    LOG[39m [38;5;3m[NestApplication] [39m[32mNest application successfully started[39m[38;5;3m +1ms[39m
[2026-05-31T01:58:30.599Z] backend ready
[2026-05-31T01:58:30.600Z] waiting for frontend
[2026-05-31T01:58:43.802Z] frontend ready
[2026-05-31T03:02:13.801Z] backend exited code=1 signal=null
[2026-05-31T03:22:32.235Z] app ready
[2026-05-31T03:22:32.413Z] creating window
[2026-05-31T03:22:35.434Z] starting backend, development=true
[2026-05-31T03:22:35.608Z] backend child pid=22824
[2026-05-31T03:22:35.608Z] waiting for backend
[2026-05-31T03:23:05.712Z] startup error: Error: Timed out waiting for http://127.0.0.1:3099/api/config
    at waitForUrl (H:\ks\dist\electron\main.js:56:11)
    at async createWindow (H:\ks\dist\electron\main.js:120:5)
[2026-05-31T03:40:03.868Z] app ready
[2026-05-31T03:40:03.870Z] creating window
[2026-05-31T03:40:03.904Z] starting backend, development=false
[2026-05-31T03:40:04.020Z] backend child pid=16432
[2026-05-31T03:40:04.021Z] waiting for backend
[2026-05-31T03:40:04.348Z] backend ready
[2026-05-31T03:40:04.348Z] loading production frontend
[2026-05-31T03:40:06.561Z] backend stdout: [32m[Nest] 16432  - [39m2026/05/31 11:40:04 [32m    LOG[39m [38;5;3m[NestFactory] [39m[32mStarting Nest application...[39m
[32m[Nest] 16432  - [39m2026/05/31 11:40:04 [32m    LOG[39m [38;5;3m[InstanceLoader] [39m[32mAppModule dependencies initialized[39m[38;5;3m +7ms[39m
[32m[Nest] 16432  - [39m2026/05/31 11:40:04 [32m    LOG[39m [38;5;3m[RoutesResolver] [39m[32mConfigController {/api/config}:[39m[38;5;3m +2ms[39m
[32m[Nest] 16432  - [39m2026/05/31 11:40:04 [32m    LOG[39m [38;5;3m[RouterExplorer] [39m[32mMapped {/api/config, GET} route[39m[38;5;3m +2ms[39m
[32m[Nest] 16432  - [39m2026/05/31 11:40:04 [32m    LOG[39m [38;5;3m[RouterExplorer] [39m[32mMapped {/api/config, PUT} route[39m[38;5;3m +0ms[39m
[32m[Nest] 16432  - [39m2026/05/31 11:40:04 [32m    LOG[39m [38;5;3m[RouterExplorer] [39m[32mMapped {/api/config/validate, POST} route[39m[38;5;3m +0ms[39m
[32m[Nest] 16432  - [39m2026/05/31 11:40:04 [32m    LOG[39m [38;5;3m[RoutesResolver] [39m[32mAudioController {/api/audio}:[39m[38;5;3m +0ms[39m
[32m[Nest] 16432  - [39m2026/05/31 11:40:04 [32m    LOG[39m [38;5;3m[RouterExplorer] [39m[32mMapped {/api/audio/files, GET} route[39m[38;5;3m +1ms[39m
[32m[Nest] 16432  - [39m2026/05/31 11:40:04 [32m    LOG[39m [38;5;3m[RouterExplorer] [39m[32mMapped {/api/audio/file, GET} route[39m[38;5;3m +0ms[39m
[32m[Nest] 16432  - [39m2026/05/31 11:40:04 [32m    LOG[39m [38;5;3m[NestApplication] [39m[32mNest application successfully started[39m[38;5;3m +1ms[39m
[2026-05-31T03:40:06.562Z] backend stderr: [31m[Nest] 16432  - [39m2026/05/31 11:40:04 [31m  ERROR[39m [38;5;3m[NestApplication] [39m[31mError: listen EADDRINUSE: address already in use 127.0.0.1:3099[39m[38;5;3m +64ms[39m
node:net:1939
    const ex = new UVExceptionWithHostPort(err, 'listen', address, port);
               ^

Error: listen EADDRINUSE: address already in use 127.0.0.1:3099
    at Server.setupListenHandle [as _listen2] (node:net:1939:16)
    at listenInCluster (node:net:1996:12)
    at node:net:2205:7
    at process.processTicksAndRejections (node:internal/process/task_queues:90:21) {
  code: 'EADDRINUSE',
  errno: -4091,
  syscall: 'listen',
  address: '127.0.0.1',
  port: 3099
}

Node.js v22.16.0
[2026-05-31T03:40:06.563Z] backend exited code=1 signal=null
[2026-05-31T03:41:44.773Z] app ready
[2026-05-31T03:41:44.774Z] creating window
[2026-05-31T03:41:44.812Z] starting backend, development=false
[2026-05-31T03:41:44.905Z] backend child pid=8592
[2026-05-31T03:41:44.906Z] waiting for backend
[2026-05-31T03:41:45.078Z] backend ready
[2026-05-31T03:41:45.078Z] loading production frontend
[2026-05-31T03:41:45.693Z] backend stdout: [32m[Nest] 8592  - [39m2026/05/31 11:41:45 [32m    LOG[39m [38;5;3m[NestFactory] [39m[32mStarting Nest application...[39m
[2026-05-31T03:41:45.699Z] backend stdout: [32m[Nest] 8592  - [39m2026/05/31 11:41:45 [32m    LOG[39m [38;5;3m[InstanceLoader] [39m[32mAppModule dependencies initialized[39m[38;5;3m +6ms[39m
[2026-05-31T03:41:45.701Z] backend stdout: [32m[Nest] 8592  - [39m2026/05/31 11:41:45 [32m    LOG[39m [38;5;3m[RoutesResolver] [39m[32mConfigController {/api/config}:[39m[38;5;3m +2ms[39m
[2026-05-31T03:41:45.703Z] backend stdout: [32m[Nest] 8592  - [39m2026/05/31 11:41:45 [32m    LOG[39m [38;5;3m[RouterExplorer] [39m[32mMapped {/api/config, GET} route[39m[38;5;3m +2ms[39m
[2026-05-31T03:41:45.704Z] backend stdout: [32m[Nest] 8592  - [39m2026/05/31 11:41:45 [32m    LOG[39m [38;5;3m[RouterExplorer] [39m[32mMapped {/api/config, PUT} route[39m[38;5;3m +0ms[39m
[32m[Nest] 8592  - [39m2026/05/31 11:41:45 [32m    LOG[39m [38;5;3m[RouterExplorer] [39m[32mMapped {/api/config/validate, POST} route[39m[38;5;3m +1ms[39m
[32m[Nest] 8592  - [39m2026/05/31 11:41:45 [32m    LOG[39m [38;5;3m[RoutesResolver] [39m[32mAudioController {/api/audio}:[39m[38;5;3m +0ms[39m
[2026-05-31T03:41:45.704Z] backend stdout: [32m[Nest] 8592  - [39m2026/05/31 11:41:45 [32m    LOG[39m [38;5;3m[RouterExplorer] [39m[32mMapped {/api/audio/files, GET} route[39m[38;5;3m +0ms[39m
[32m[Nest] 8592  - [39m2026/05/31 11:41:45 [32m    LOG[39m [38;5;3m[RouterExplorer] [39m[32mMapped {/api/audio/file, GET} route[39m[38;5;3m +0ms[39m
[2026-05-31T03:41:45.705Z] backend stdout: [32m[Nest] 8592  - [39m2026/05/31 11:41:45 [32m    LOG[39m [38;5;3m[NestApplication] [39m[32mNest application successfully started[39m[38;5;3m +1ms[39m
[2026-05-31T03:41:45.721Z] backend stderr: [31m[Nest] 8592  - [39m2026/05/31 11:41:45 [31m  ERROR[39m [38;5;3m[NestApplication] [39m[31mError: listen EADDRINUSE: address already in use 127.0.0.1:3099[39m[38;5;3m +15ms[39m
[2026-05-31T03:41:45.723Z] backend stderr: node:net:1939
    const ex = new UVExceptionWithHostPort(err, 'listen', address, port);
               ^

Error: listen EADDRINUSE: address already in use 127.0.0.1:3099
    at Server.setupListenHandle [as _listen2] (node:net:1939:16)
    at listenInCluster (node:net:1996:12)
    at node:net:2205:7
    at process.processTicksAndRejections (node:internal/process/task_queues:90:21) {
  code: 'EADDRINUSE',
  errno: -4091,
  syscall: 'listen',
  address: '127.0.0.1',
  port: 3099
}

Node.js v22.16.0
[2026-05-31T03:41:45.732Z] backend exited code=1 signal=null
[2026-05-31T03:53:15.079Z] app ready
[2026-05-31T03:53:15.080Z] creating window
[2026-05-31T03:53:15.135Z] starting backend, development=false
[2026-05-31T03:53:15.253Z] backend child pid=47708
[2026-05-31T03:53:15.253Z] waiting for backend
[2026-05-31T03:53:15.922Z] backend stdout: [32m[Nest] 47708  - [39m2026/05/31 11:53:15 [32m    LOG[39m [38;5;3m[NestFactory] [39m[32mStarting Nest application...[39m
[2026-05-31T03:53:15.928Z] backend stdout: [32m[Nest] 47708  - [39m2026/05/31 11:53:15 [32m    LOG[39m [38;5;3m[InstanceLoader] [39m[32mAppModule dependencies initialized[39m[38;5;3m +7ms[39m
[2026-05-31T03:53:15.931Z] backend stdout: [32m[Nest] 47708  - [39m2026/05/31 11:53:15 [32m    LOG[39m [38;5;3m[RoutesResolver] [39m[32mConfigController {/api/config}:[39m[38;5;3m +3ms[39m
[2026-05-31T03:53:15.933Z] backend stdout: [32m[Nest] 47708  - [39m2026/05/31 11:53:15 [32m    LOG[39m [38;5;3m[RouterExplorer] [39m[32mMapped {/api/config, GET} route[39m[38;5;3m +2ms[39m
[2026-05-31T03:53:15.933Z] backend stdout: [32m[Nest] 47708  - [39m2026/05/31 11:53:15 [32m    LOG[39m [38;5;3m[RouterExplorer] [39m[32mMapped {/api/config, PUT} route[39m[38;5;3m +0ms[39m
[32m[Nest] 47708  - [39m2026/05/31 11:53:15 [32m    LOG[39m [38;5;3m[RouterExplorer] [39m[32mMapped {/api/config/validate, POST} route[39m[38;5;3m +1ms[39m
[32m[Nest] 47708  - [39m2026/05/31 11:53:15 [32m    LOG[39m [38;5;3m[RoutesResolver] [39m[32mAudioController {/api/audio}:[39m[38;5;3m +0ms[39m
[2026-05-31T03:53:15.934Z] backend stdout: [32m[Nest] 47708  - [39m2026/05/31 11:53:15 [32m    LOG[39m [38;5;3m[RouterExplorer] [39m[32mMapped {/api/audio/files, GET} route[39m[38;5;3m +0ms[39m
[32m[Nest] 47708  - [39m2026/05/31 11:53:15 [32m    LOG[39m [38;5;3m[RouterExplorer] [39m[32mMapped {/api/audio/file, GET} route[39m[38;5;3m +0ms[39m
[2026-05-31T03:53:15.935Z] backend stdout: [32m[Nest] 47708  - [39m2026/05/31 11:53:15 [32m    LOG[39m [38;5;3m[NestApplication] [39m[32mNest application successfully started[39m[38;5;3m +1ms[39m
[2026-05-31T03:53:16.230Z] backend ready
[2026-05-31T03:53:16.230Z] loading production frontend
[2026-05-31T04:04:26.958Z] app ready
[2026-05-31T04:04:26.960Z] creating window
[2026-05-31T04:04:27.180Z] starting backend, development=false
[2026-05-31T04:04:27.247Z] backend child pid=704
[2026-05-31T04:04:27.248Z] waiting for backend
[2026-05-31T04:04:28.194Z] backend stdout: [32m[Nest] 704  - [39m2026/05/31 12:04:28 [32m    LOG[39m [38;5;3m[NestFactory] [39m[32mStarting Nest application...[39m
[2026-05-31T04:04:28.200Z] backend stdout: [32m[Nest] 704  - [39m2026/05/31 12:04:28 [32m    LOG[39m [38;5;3m[InstanceLoader] [39m[32mAppModule dependencies initialized[39m[38;5;3m +7ms[39m
[2026-05-31T04:04:28.202Z] backend stdout: [32m[Nest] 704  - [39m2026/05/31 12:04:28 [32m    LOG[39m [38;5;3m[RoutesResolver] [39m[32mConfigController {/api/config}:[39m[38;5;3m +3ms[39m
[2026-05-31T04:04:28.204Z] backend stdout: [32m[Nest] 704  - [39m2026/05/31 12:04:28 [32m    LOG[39m [38;5;3m[RouterExplorer] [39m[32mMapped {/api/config, GET} route[39m[38;5;3m +1ms[39m
[2026-05-31T04:04:28.205Z] backend stdout: [32m[Nest] 704  - [39m2026/05/31 12:04:28 [32m    LOG[39m [38;5;3m[RouterExplorer] [39m[32mMapped {/api/config, PUT} route[39m[38;5;3m +1ms[39m
[32m[Nest] 704  - [39m2026/05/31 12:04:28 [32m    LOG[39m [38;5;3m[RouterExplorer] [39m[32mMapped {/api/config/validate, POST} route[39m[38;5;3m +0ms[39m
[32m[Nest] 704  - [39m2026/05/31 12:04:28 [32m    LOG[39m [38;5;3m[RoutesResolver] [39m[32mAudioController {/api/audio}:[39m[38;5;3m +0ms[39m
[2026-05-31T04:04:28.205Z] backend stdout: [32m[Nest] 704  - [39m2026/05/31 12:04:28 [32m    LOG[39m [38;5;3m[RouterExplorer] [39m[32mMapped {/api/audio/files, GET} route[39m[38;5;3m +0ms[39m
[32m[Nest] 704  - [39m2026/05/31 12:04:28 [32m    LOG[39m [38;5;3m[RouterExplorer] [39m[32mMapped {/api/audio/file, GET} route[39m[38;5;3m +0ms[39m
[2026-05-31T04:04:28.206Z] backend stdout: [32m[Nest] 704  - [39m2026/05/31 12:04:28 [32m    LOG[39m [38;5;3m[NestApplication] [39m[32mNest application successfully started[39m[38;5;3m +2ms[39m
[2026-05-31T04:04:28.251Z] backend ready
[2026-05-31T04:04:28.251Z] loading production frontend
[2026-05-31T05:44:50.558Z] app ready
[2026-05-31T05:44:50.559Z] creating window
[2026-05-31T05:44:52.106Z] starting backend, development=false
[2026-05-31T05:44:52.152Z] backend child pid=44400
[2026-05-31T05:44:52.152Z] waiting for backend
[2026-05-31T05:45:22.354Z] startup error: Error: Timed out waiting for http://127.0.0.1:3099/api/config
    at waitForUrl (H:\ks\dist\electron\main.js:56:11)
    at async createWindow (H:\ks\dist\electron\main.js:120:5)
[2026-05-31T05:46:53.221Z] app ready
[2026-05-31T05:46:53.222Z] creating window
[2026-05-31T05:46:53.263Z] starting backend, development=false
[2026-05-31T05:46:53.306Z] backend child pid=29108
[2026-05-31T05:46:53.306Z] waiting for backend
[2026-05-31T05:47:23.580Z] startup error: Error: Timed out waiting for http://127.0.0.1:3099/api/config
    at waitForUrl (H:\ks\dist\electron\main.js:56:11)
    at async createWindow (H:\ks\dist\electron\main.js:120:5)
[2026-05-31T05:47:41.214Z] backend stdout: [32m[Nest] 29108  - [39m2026/05/31 13:47:32 [32m    LOG[39m [38;5;3m[NestFactory] [39m[32mStarting Nest application...[39m
[32m[Nest] 29108  - [39m2026/05/31 13:47:32 [32m    LOG[39m [38;5;3m[InstanceLoader] [39m[32mAppModule dependencies initialized[39m[38;5;3m +7ms[39m
[32m[Nest] 29108  - [39m2026/05/31 13:47:32 [32m    LOG[39m [38;5;3m[RoutesResolver] [39m[32mConfigController {/api/config}:[39m[38;5;3m +2ms[39m
[32m[Nest] 29108  - [39m2026/05/31 13:47:32 [32m    LOG[39m [38;5;3m[RouterExplorer] [39m[32mMapped {/api/config, GET} route[39m[38;5;3m +2ms[39m
[32m[Nest] 29108  - [39m2026/05/31 13:47:32 [32m    LOG[39m [38;5;3m[RouterExplorer] [39m[32mMapped {/api/config, PUT} route[39m[38;5;3m +0ms[39m
[32m[Nest] 29108  - [39m2026/05/31 13:47:32 [32m    LOG[39m [38;5;3m[RouterExplorer] [39m[32mMapped {/api/config/validate, POST} route[39m[38;5;3m +1ms[39m
[32m[Nest] 29108  - [39m2026/05/31 13:47:32 [32m    LOG[39m [38;5;3m[RoutesResolver] [39m[32mAudioController {/api/audio}:[39m[38;5;3m +0ms[39m
[32m[Nest] 29108  - [39m2026/05/31 13:47:32 [32m    LOG[39m [38;5;3m[RouterExplorer] [39m[32mMapped {/api/audio/files, GET} route[39m[38;5;3m +0ms[39m
[32m[Nest] 29108  - [39m2026/05/31 13:47:32 [32m    LOG[39m [38;5;3m[RouterExplorer] [39m[32mMapped {/api/audio/file, GET} route[39m[38;5;3m +0ms[39m
[32m[Nest] 29108  - [39m2026/05/31 13:47:32 [32m    LOG[39m [38;5;3m[NestApplication] [39m[32mNest application successfully started[39m[38;5;3m +1ms[39m
[2026-05-31T06:09:03.922Z] app ready
[2026-05-31T06:09:03.923Z] creating window
[2026-05-31T06:09:04.026Z] starting backend, development=false
[2026-05-31T06:09:04.162Z] backend child pid=40604
[2026-05-31T06:09:04.162Z] waiting for backend, timeout=90000ms
[2026-05-31T06:09:04.773Z] backend stdout: [32m[Nest] 40604  - [39m2026/05/31 14:09:04 [32m    LOG[39m [38;5;3m[NestFactory] [39m[32mStarting Nest application...[39m
[2026-05-31T06:09:04.780Z] backend stdout: [32m[Nest] 40604  - [39m2026/05/31 14:09:04 [32m    LOG[39m [38;5;3m[InstanceLoader] [39m[32mAppModule dependencies initialized[39m[38;5;3m +7ms[39m
[2026-05-31T06:09:04.782Z] backend stdout: [32m[Nest] 40604  - [39m2026/05/31 14:09:04 [32m    LOG[39m [38;5;3m[RoutesResolver] [39m[32mConfigController {/api/config}:[39m[38;5;3m +2ms[39m
[2026-05-31T06:09:04.784Z] backend stdout: [32m[Nest] 40604  - [39m2026/05/31 14:09:04 [32m    LOG[39m [38;5;3m[RouterExplorer] [39m[32mMapped {/api/config, GET} route[39m[38;5;3m +2ms[39m
[2026-05-31T06:09:04.785Z] backend stdout: [32m[Nest] 40604  - [39m2026/05/31 14:09:04 [32m    LOG[39m [38;5;3m[RouterExplorer] [39m[32mMapped {/api/config, PUT} route[39m[38;5;3m +1ms[39m
[32m[Nest] 40604  - [39m2026/05/31 14:09:04 [32m    LOG[39m [38;5;3m[RouterExplorer] [39m[32mMapped {/api/config/validate, POST} route[39m[38;5;3m +0ms[39m
[32m[Nest] 40604  - [39m2026/05/31 14:09:04 [32m    LOG[39m [38;5;3m[RoutesResolver] [39m[32mAudioController {/api/audio}:[39m[38;5;3m +0ms[39m
[2026-05-31T06:09:04.785Z] backend stdout: [32m[Nest] 40604  - [39m2026/05/31 14:09:04 [32m    LOG[39m [38;5;3m[RouterExplorer] [39m[32mMapped {/api/audio/files, GET} route[39m[38;5;3m +0ms[39m
[32m[Nest] 40604  - [39m2026/05/31 14:09:04 [32m    LOG[39m [38;5;3m[RouterExplorer] [39m[32mMapped {/api/audio/file, GET} route[39m[38;5;3m +0ms[39m
[2026-05-31T06:09:04.786Z] backend stdout: [32m[Nest] 40604  - [39m2026/05/31 14:09:04 [32m    LOG[39m [38;5;3m[NestApplication] [39m[32mNest application successfully started[39m[38;5;3m +1ms[39m
[2026-05-31T06:09:05.214Z] backend ready
[2026-05-31T06:09:05.214Z] loading production frontend
[2026-05-31T06:53:09.345Z] app ready
[2026-05-31T06:53:10.537Z] creating window
[2026-05-31T06:53:13.204Z] using existing backend
[2026-05-31T06:53:13.204Z] loading production frontend
[2026-05-31T13:42:18.756Z] app ready
[2026-05-31T13:42:18.855Z] creating window
[2026-05-31T13:44:11.996Z] using existing backend
[2026-05-31T13:44:11.997Z] loading production frontend
[2026-05-31T13:52:06.419Z] app ready
[2026-05-31T13:52:06.420Z] creating window
[2026-05-31T13:52:06.531Z] using existing backend
[2026-05-31T13:52:06.531Z] loading production frontend
[2026-05-31T14:11:40.401Z] app ready
[2026-05-31T14:11:40.402Z] creating window
[2026-05-31T14:11:40.515Z] using existing backend
[2026-05-31T14:11:40.515Z] loading production frontend
[2026-05-31T14:18:21.253Z] app ready
[2026-05-31T14:18:21.254Z] creating window
[2026-05-31T14:18:21.393Z] using existing backend
[2026-05-31T14:18:21.394Z] loading production frontend
[2026-05-31T14:25:35.622Z] app ready
[2026-05-31T14:25:35.623Z] creating window
[2026-05-31T14:25:35.739Z] using existing backend
[2026-05-31T14:25:35.740Z] loading production frontend
[2026-05-31T14:28:16.903Z] app ready
[2026-05-31T14:28:16.904Z] creating window
[2026-05-31T14:28:17.013Z] using existing backend
[2026-05-31T14:28:17.014Z] loading production frontend
[2026-05-31T14:29:08.911Z] app ready
[2026-05-31T14:29:08.912Z] creating window
[2026-05-31T14:29:09.023Z] using existing backend
[2026-05-31T14:29:09.024Z] loading production frontend
[2026-05-31T14:30:27.184Z] app ready
[2026-05-31T14:30:27.185Z] creating window
[2026-05-31T14:30:27.293Z] using existing backend
[2026-05-31T14:30:27.294Z] loading production frontend
[2026-05-31T14:31:21.596Z] app ready
[2026-05-31T14:31:21.597Z] creating window
[2026-05-31T14:31:21.702Z] using existing backend
[2026-05-31T14:31:21.703Z] loading production frontend
[2026-05-31T14:31:58.230Z] app ready
[2026-05-31T14:31:58.231Z] creating window
[2026-05-31T14:31:58.345Z] using existing backend
[2026-05-31T14:31:58.345Z] loading production frontend
[2026-05-31T14:35:05.138Z] app ready
[2026-05-31T14:35:05.139Z] creating window
[2026-05-31T14:35:05.254Z] using existing backend
[2026-05-31T14:35:05.255Z] loading production frontend
[2026-05-31T14:36:59.696Z] app ready
[2026-05-31T14:36:59.697Z] creating window
[2026-05-31T14:36:59.811Z] using existing backend
[2026-05-31T14:36:59.812Z] loading production frontend
[2026-05-31T14:38:03.690Z] app ready
[2026-05-31T14:38:03.692Z] creating window
[2026-05-31T14:38:03.789Z] using existing backend
[2026-05-31T14:38:03.789Z] loading production frontend
